
> story-potion@0.1.0 build
> react-scripts build

Creating an optimized production build...
Browserslist: browsers data (caniuse-lite) is 6 months old. Please run:
  npx update-browserslist-db@latest
  Why you should do it regularly: https://github.com/browserslist/update-db#readme
Failed to compile.

Module not found: Error: Can't resolve '@southdevs/capacitor-google-auth' in 'C:\story-potion\src\pages'


